// Jest Snapshot v1, https://goo.gl/fbAQLP

exports[`Search Snapshot Test 1`] = `
<DocumentFragment>
  <form
    class="form"
  >
    <input
      class="search-box"
      placeholder="Search here"
      type="text"
    />
    <button
      class="button"
      type="submit"
    >
      GO
    </button>
  </form>
</DocumentFragment>
`;
